INVOCATION
# help
https://docs.pytest.org/en/6.2.x/usage.html#cmdline
pytest -h

# run all in module "test_dipp_alg2.py"
python -m pytest -v dipp_tests/test_dipp_alg2.py

# run specific test from the module
python -m pytest -v test_dipp_alg2.py::test_dipp_call

# run tests marked with "runlist" in directory dipp_tests/
python -m pytest -v -m runlist dipp_tests/




-q  quiet mode

Runs all files of the form test_*.py or *_test.py

assert that some code raises an exception
def f():
    raise SystemExit(1)
def test_mytest():
    with pytest.raises(SystemExit):
        f()



NOTES:
the -k <substring> option should come befer -v and -ra options otherwise it will not work

FIXTURE
fixture is an argument to the test function, that is itself a function, the value 
of the argument is the return value of the fixture function.

For example: 
test_myfunc(tmp_path)
tmp_path is a fixture, pytest will run the tmp_path function and create a temporary directory
the value of tmp_path inside test_myfunc is what tmp_path retruned which happens to be a 
pathlib.Path object.

fixtures in conftest.py can be used by all tests

fixtures with before and after actions
yield returs a value or None
@pytest.fixture(autouse=True)
def myfixture():
    before_action()
    yield
    after_action()


fixtur scope
scope="function"
scope="class"
scope="module"
scope="session"
scope="package"
scope=<callable>


auto use fixture.
* does not need to be requested will be automatically run 
@pytest.fixture
def order():
    return []

@pytest.fixture(autouse=True)
def myfixture(order):            <<< this fixture will without any test requesting it.
    order.append("1")

def test_a1(order):
    assert order == ["1"]

def test_a2(order):
    assert order == ["1"]


## teardown
* put cleanup code after yield
@pytest.fixture
def sending_user(mail_admin):
    user = mail_admin.create_user()
    yield user
    mail_admin.delete_user(user)


## Parameterizing Fixtures
* fixture can access the parameter value using request.params
* all tests using the fixture will run for each parameter.
* run 'pytest --collect-only to see the resulting test ids
* individual tests can be select using the -k command line arg.
@pytest.fixture(scope="module", params=["smtp.gmail.com", "mail.python.org"])
def smtp_connection(request):
    smtp_connection = smtplib.SMTP(request.param, 587, timeout=5)
    yield smtp_connection
    print("finalizing {}".format(smtp_connection))
    smtp_connection.close()


## custom test ids
* using the ids keyword arg
@pytest.fixture(params=[0, 1], ids=["spam", "ham"])
def a(request):
    return request.param

def test_a(a):
    pass


## run fixture before every test
* cleandir fixture is defined in a different file
@pytest.mark.usefixtures("cleandir")
class TestDirectoryInit:
    def test_cwd_starts_empty(self):
        assert os.listdir(os.getcwd()) == []
        with open("myfile", "w") as f:
            f.write("hello")

    def test_cwd_again_starts_empty(self):
        assert os.listdir(os.getcwd()) == []






MARKS
run tests marked with 'database_access'
pytest -m database_access

run all tests except those that require database access
pytest -m "not database_access"

built-in marks
* skip    skips a test unconditionally.
* skipif  skips a test if the expression passed to it evaluates to True.
* xfail   indicates that a test is expected to fail, so if the test does fail, the overall suite can still result in a passing status.
* parametrize (note the spelling)     creates multiple variants of a test with different values as arguments. You’ll learn more about this mark shortly.


=== 
PARAMETRIZE

@pytest.mark.parametrize("<parameter-names>", <parameter-values>)

Example 1:
@pytest.mark.parametrize("palindrome", [
    "",
    "a",
    "Bob",
    "Never odd or even",
    "Do geese see God?",
])
def test_is_palindrome(palindrome):
    assert is_palindrome(palindrome)

@pytest.mark.parametrize("non_palindrome", [
    "abc",
    "abab",
])
def test_is_palindrome_not_palindrome(non_palindrome):
    assert not is_palindrome(non_palindrome)


Example 2:
@pytest.mark.parametrize("maybe_palindrome, expected_result", [
    ("", True),
    ("a", True),
    ("Bob", True),
    ("Never odd or even", True),
    ("Do geese see God?", True),
    ("abc", False),
    ("abab", False),
])
def test_is_palindrome(maybe_palindrome, expected_result):
    assert is_palindrome(maybe_palindrome) == expected_result

===




